// Jest Snapshot v1, https://goo.gl/fbAQLP

exports[`Button renders correctly 1`] = `
<div
  className="uk-margin"
>
  <button
    className="uk-button uk-button-large uk-width-1-1"
    onClick={[Function]}
    type="button"
  >
    lol
  </button>
</div>
`;
