// Jest Snapshot v1, https://goo.gl/fbAQLP

exports[`Checkbox renders correctly 1`] = `
<div
  className="uk-margin"
>
  <label
    htmlFor=""
  >
    <input
      className="uk-checkbox"
      id=""
      type="checkbox"
    />
     
    
  </label>
</div>
`;
